// Jest Snapshot v1, https://goo.gl/fbAQLP

exports[`Hello world test render HelloWorld component 1`] = `
ShallowWrapper {
  "length": 1,
  Symbol(enzyme.__root__): [Circular],
  Symbol(enzyme.__unrendered__): <HelloWorld
    dispatch={[Function]}
    helloMessage="Hello"
  />,
  Symbol(enzyme.__renderer__): Object {
    "batchedUpdates": [Function],
    "getNode": [Function],
    "render": [Function],
    "simulateEvent": [Function],
    "unmount": [Function],
  },
  Symbol(enzyme.__node__): Object {
    "instance": null,
    "key": null,
    "nodeType": "host",
    "props": Object {
      "children": Array [
        "Hello",
        " World",
      ],
      "className": "container",
    },
    "ref": null,
    "rendered": Array [
      "Hello",
      " World",
    ],
    "type": "div",
  },
  Symbol(enzyme.__nodes__): Array [
    Object {
      "instance": null,
      "key": null,
      "nodeType": "host",
      "props": Object {
        "children": Array [
          "Hello",
          " World",
        ],
        "className": "container",
      },
      "ref": null,
      "rendered": Array [
        "Hello",
        " World",
      ],
      "type": "div",
    },
  ],
  Symbol(enzyme.__options__): Object {
    "adapter": ReactSixteenAdapter {
      "options": Object {
        "enableComponentDidUpdateOnSetState": true,
      },
    },
  },
}
`;
